Error: Main method not found in class Greet, please define the main method as:
   public static void main(String[] args)


